// Jest Snapshot v1, https://goo.gl/fbAQLP

exports[`<Providers /> tests Should match with the component snapshot 1`] = `
<DocumentFragment>
  Hello World
</DocumentFragment>
`;
