// Jest Snapshot v1, https://goo.gl/fbAQLP

exports[`<Meta /> tests Should match with the component snapshot 1`] = `<DocumentFragment />`;
