// Jest Snapshot v1, https://goo.gl/fbAQLP

exports[`<Seo /> tests Should match with the component snapshot 1`] = `
<DocumentFragment>
  <title>
    Home
  </title>
  <meta
    content="This is the homepage"
    name="description"
  />
  <meta
    content="width=device-width, initial-scale=1"
    name="viewport"
  />
  <meta
    content=""
    property="og:title"
  />
  <meta
    content=""
    property="og:description"
  />
  <meta
    content=""
    property="og:description"
  />
  <meta
    content=""
    property="og:image"
  />
</DocumentFragment>
`;
